// Jest Snapshot v1, https://goo.gl/fbAQLP

exports[`Expense page should render AddExpensePage correctly 1`] = `
<div>
  <h1
    className="subheader"
  >
    Add Expense
  </h1>
  <ExpenseForm
    onSubmit={[Function]}
  />
</div>
`;
