// Jest Snapshot v1, https://goo.gl/fbAQLP

exports[` 1`] = `
<div>
  This is the help page
</div>
`;
