// Jest Snapshot v1, https://goo.gl/fbAQLP

exports[` 1`] = `
<div>
  This will be the homepage!
</div>
`;
