// Jest Snapshot v1, https://goo.gl/fbAQLP

exports[` 1`] = `
<div>
  404 Page not found - 
  <Link
    replace={false}
    to="/"
  >
    Go home
  </Link>
</div>
`;
